[     503ms] [VERBOSE] [DOM] Input elements should have autocomplete attributes (suggested: "current-password"): (More info: https://goo.gl/9p2vKq) %o @ https://www.saucedemo.com/:0
[    2531ms] [ERROR] Failed to load resource: the server responded with a status of 401 (Unauthorized) @ https://events.backtrace.io/api/unique-events/submit?universe=UNIVERSE&token=TOKEN:0
[    3058ms] [ERROR] Failed to load resource: the server responded with a status of 401 (Unauthorized) @ https://events.backtrace.io/api/summed-events/submit?universe=UNIVERSE&token=TOKEN:0
[   11958ms] [VERBOSE] [DOM] Input elements should have autocomplete attributes (suggested: "current-password"): (More info: https://goo.gl/9p2vKq) %o @ https://www.saucedemo.com/:0
[   12094ms] [VERBOSE] [DOM] Input elements should have autocomplete attributes (suggested: "current-password"): (More info: https://goo.gl/9p2vKq) %o @ https://www.saucedemo.com/:0
[   12215ms] [VERBOSE] [DOM] Input elements should have autocomplete attributes (suggested: "current-password"): (More info: https://goo.gl/9p2vKq) %o @ https://www.saucedemo.com/:0
[   12329ms] [VERBOSE] [DOM] Input elements should have autocomplete attributes (suggested: "current-password"): (More info: https://goo.gl/9p2vKq) %o @ https://www.saucedemo.com/:0
[   12441ms] [VERBOSE] [DOM] Input elements should have autocomplete attributes (suggested: "current-password"): (More info: https://goo.gl/9p2vKq) %o @ https://www.saucedemo.com/:0
[   20985ms] [VERBOSE] [DOM] Input elements should have autocomplete attributes (suggested: "current-password"): (More info: https://goo.gl/9p2vKq) %o @ https://www.saucedemo.com/:0
[   22304ms] [ERROR] Failed to load resource: the server responded with a status of 404 () @ https://www.saucedemo.com/inventory.html:0
[   22492ms] [ERROR] Failed to load resource: the server responded with a status of 404 () @ https://www.saucedemo.com/cart.html:0
[   22746ms] [VERBOSE] [DOM] Input elements should have autocomplete attributes (suggested: "current-password"): (More info: https://goo.gl/9p2vKq) %o @ https://www.saucedemo.com/:0
[   36778ms] [ERROR] Failed to load resource: the server responded with a status of 404 () @ https://www.saucedemo.com/inventory.html:0
[   36912ms] [VERBOSE] [DOM] Input elements should have autocomplete attributes (suggested: "current-password"): (More info: https://goo.gl/9p2vKq) %o @ https://www.saucedemo.com/:0
[   47175ms] [ERROR] Failed to load resource: the server responded with a status of 404 () @ https://www.saucedemo.com/cart.html:0
[   49541ms] [ERROR] Failed to load resource: the server responded with a status of 404 () @ https://www.saucedemo.com/cart.html:0
[   64188ms] [ERROR] Failed to load resource: the server responded with a status of 404 () @ https://www.saucedemo.com/inventory.html:0
[   64407ms] [ERROR] Failed to load resource: the server responded with a status of 404 () @ https://www.saucedemo.com/inventory.html:0
[   64661ms] [ERROR] Failed to load resource: the server responded with a status of 404 () @ https://www.saucedemo.com/inventory.html:0
[   64868ms] [ERROR] Failed to load resource: the server responded with a status of 404 () @ https://www.saucedemo.com/inventory.html:0
[   65123ms] [ERROR] Failed to load resource: the server responded with a status of 404 () @ https://www.saucedemo.com/inventory.html:0
[   65429ms] [ERROR] Failed to load resource: the server responded with a status of 404 () @ https://www.saucedemo.com/inventory.html:0
[   65715ms] [ERROR] Failed to load resource: the server responded with a status of 404 () @ https://www.saucedemo.com/inventory.html:0
[   74599ms] [ERROR] Failed to load resource: the server responded with a status of 404 () @ https://www.saucedemo.com/inventory.html:0
[   74715ms] [ERROR] Failed to load resource: the server responded with a status of 404 () @ https://www.saucedemo.com/checkout-step-one.html:0
[   77113ms] [ERROR] Failed to load resource: the server responded with a status of 404 () @ https://www.saucedemo.com/inventory.html:0
[   77243ms] [ERROR] Failed to load resource: the server responded with a status of 404 () @ https://www.saucedemo.com/checkout-step-one.html:0
[   79651ms] [ERROR] Failed to load resource: the server responded with a status of 404 () @ https://www.saucedemo.com/inventory.html:0
[   79786ms] [ERROR] Failed to load resource: the server responded with a status of 404 () @ https://www.saucedemo.com/checkout-step-one.html:0
[   82225ms] [ERROR] Failed to load resource: the server responded with a status of 404 () @ https://www.saucedemo.com/inventory.html:0
[   82371ms] [ERROR] Failed to load resource: the server responded with a status of 404 () @ https://www.saucedemo.com/checkout-step-one.html:0
[   94249ms] [VERBOSE] [DOM] Input elements should have autocomplete attributes (suggested: "current-password"): (More info: https://goo.gl/9p2vKq) %o @ https://www.saucedemo.com/:0
[  110736ms] [VERBOSE] [DOM] Input elements should have autocomplete attributes (suggested: "current-password"): (More info: https://goo.gl/9p2vKq) %o @ https://www.saucedemo.com/:0
[  111823ms] [ERROR] Failed to load resource: the server responded with a status of 401 (Unauthorized) @ https://events.backtrace.io/api/unique-events/submit?universe=UNIVERSE&token=TOKEN:0
[  112382ms] [ERROR] Failed to load resource: the server responded with a status of 401 (Unauthorized) @ https://events.backtrace.io/api/summed-events/submit?universe=UNIVERSE&token=TOKEN:0
[  119017ms] TypeError: Cannot read properties of undefined (reading 'value')
    at onChange (https://www.saucedemo.com/assets/index-D3OxT1jE.js:573:14835)
    at bd (https://www.saucedemo.com/assets/index-D3OxT1jE.js:15:126186)
    at https://www.saucedemo.com/assets/index-D3OxT1jE.js:15:131179
    at ln (https://www.saucedemo.com/assets/index-D3OxT1jE.js:15:15076)
    at Td (https://www.saucedemo.com/assets/index-D3OxT1jE.js:15:127413)
    at dp (https://www.saucedemo.com/assets/index-D3OxT1jE.js:16:28446)
    at lp (https://www.saucedemo.com/assets/index-D3OxT1jE.js:16:28268)
[  122929ms] [ERROR] Failed to load resource: the server responded with a status of 401 (Unauthorized) @ https://events.backtrace.io/api/unique-events/submit?universe=UNIVERSE&token=TOKEN:0
[  122943ms] TypeError: La.cesetRart is not a function
    at n (https://www.saucedemo.com/assets/index-D3OxT1jE.js:573:15947)
    at onClick (https://www.saucedemo.com/assets/index-D3OxT1jE.js:573:18122)
    at bd (https://www.saucedemo.com/assets/index-D3OxT1jE.js:15:126186)
    at https://www.saucedemo.com/assets/index-D3OxT1jE.js:15:131179
    at ln (https://www.saucedemo.com/assets/index-D3OxT1jE.js:15:15076)
    at Td (https://www.saucedemo.com/assets/index-D3OxT1jE.js:15:127413)
    at dp (https://www.saucedemo.com/assets/index-D3OxT1jE.js:16:28446)
    at lp (https://www.saucedemo.com/assets/index-D3OxT1jE.js:16:28268)
[  123454ms] [ERROR] Failed to load resource: the server responded with a status of 401 (Unauthorized) @ https://events.backtrace.io/api/summed-events/submit?universe=UNIVERSE&token=TOKEN:0
[  123490ms] [ERROR] Access to fetch at 'https://submit.backtrace.io/UNIVERSE/TOKEN/json' from origin 'https://www.saucedemo.com' has been blocked by CORS policy: No 'Access-Control-Allow-Origin' header is present on the requested resource. @ https://www.saucedemo.com/checkout-step-two.html:0
[  123490ms] [ERROR] Failed to load resource: net::ERR_FAILED @ https://submit.backtrace.io/UNIVERSE/TOKEN/json:0
[  127138ms] [ERROR] Access to fetch at 'https://submit.backtrace.io/UNIVERSE/TOKEN/json' from origin 'https://www.saucedemo.com' has been blocked by CORS policy: No 'Access-Control-Allow-Origin' header is present on the requested resource. @ https://www.saucedemo.com/checkout-step-two.html:0
[  127139ms] [ERROR] Failed to load resource: net::ERR_FAILED @ https://submit.backtrace.io/UNIVERSE/TOKEN/json:0
[  139293ms] [VERBOSE] [DOM] Input elements should have autocomplete attributes (suggested: "current-password"): (More info: https://goo.gl/9p2vKq) %o @ https://www.saucedemo.com/:0
[  140303ms] [ERROR] Failed to load resource: the server responded with a status of 401 (Unauthorized) @ https://events.backtrace.io/api/unique-events/submit?universe=UNIVERSE&token=TOKEN:0
[  140896ms] [ERROR] Failed to load resource: the server responded with a status of 401 (Unauthorized) @ https://events.backtrace.io/api/summed-events/submit?universe=UNIVERSE&token=TOKEN:0
[  146661ms] [VERBOSE] [DOM] Input elements should have autocomplete attributes (suggested: "current-password"): (More info: https://goo.gl/9p2vKq) %o @ https://www.saucedemo.com/:0
[  147947ms] [ERROR] Failed to load resource: the server responded with a status of 401 (Unauthorized) @ https://events.backtrace.io/api/unique-events/submit?universe=UNIVERSE&token=TOKEN:0
[  148351ms] [ERROR] Failed to load resource: the server responded with a status of 401 (Unauthorized) @ https://events.backtrace.io/api/summed-events/submit?universe=UNIVERSE&token=TOKEN:0
[  149032ms] [VERBOSE] [DOM] Input elements should have autocomplete attributes (suggested: "current-password"): (More info: https://goo.gl/9p2vKq) %o @ https://www.saucedemo.com/:0
[  149754ms] [ERROR] Failed to load resource: the server responded with a status of 401 (Unauthorized) @ https://events.backtrace.io/api/unique-events/submit?universe=UNIVERSE&token=TOKEN:0
[  149791ms] [ERROR] Failed to load resource: the server responded with a status of 401 (Unauthorized) @ https://events.backtrace.io/api/summed-events/submit?universe=UNIVERSE&token=TOKEN:0
[  151249ms] [ERROR] Failed to load resource: the server responded with a status of 404 () @ https://www.saucedemo.com/inventory.html:0
[  151560ms] [ERROR] Failed to load resource: the server responded with a status of 401 (Unauthorized) @ https://events.backtrace.io/api/unique-events/submit?universe=UNIVERSE&token=TOKEN:0
[  152098ms] [ERROR] Failed to load resource: the server responded with a status of 401 (Unauthorized) @ https://events.backtrace.io/api/summed-events/submit?universe=UNIVERSE&token=TOKEN:0
[  163231ms] [ERROR] Failed to load resource: the server responded with a status of 401 (Unauthorized) @ https://events.backtrace.io/api/unique-events/submit?universe=UNIVERSE&token=TOKEN:0
[  163717ms] [ERROR] Failed to load resource: the server responded with a status of 401 (Unauthorized) @ https://events.backtrace.io/api/summed-events/submit?universe=UNIVERSE&token=TOKEN:0
[  184546ms] [ERROR] Failed to load resource: the server responded with a status of 401 (Unauthorized) @ https://events.backtrace.io/api/unique-events/submit?universe=UNIVERSE&token=TOKEN:0
[  184936ms] [ERROR] Failed to load resource: the server responded with a status of 401 (Unauthorized) @ https://events.backtrace.io/api/summed-events/submit?universe=UNIVERSE&token=TOKEN:0
